------------------------------------------------------------
TimeQuest Timing Analyzer Summary
------------------------------------------------------------

Type  : Slow 1200mV 85C Model Setup '_122MHz'
Slack : 0.345
TNS   : 0.000

Type  : Slow 1200mV 85C Model Setup 'SHIFT_inst|altpll_component|auto_generated|pll1|clk[0]'
Slack : 0.764
TNS   : 0.000

Type  : Slow 1200mV 85C Model Setup 'LTC2208_122MHz_2'
Slack : 1.010
TNS   : 0.000

Type  : Slow 1200mV 85C Model Setup 'PLL_IF_inst|altpll_component|auto_generated|pll1|clk[2]'
Slack : 1.058
TNS   : 0.000

Type  : Slow 1200mV 85C Model Setup 'PHY_CLK125'
Slack : 1.122
TNS   : 0.000

Type  : Slow 1200mV 85C Model Setup 'LTC2208_122MHz'
Slack : 1.174
TNS   : 0.000

Type  : Slow 1200mV 85C Model Setup 'PLL_clocks_inst|altpll_component|auto_generated|pll1|clk[1]'
Slack : 1.651
TNS   : 0.000

Type  : Slow 1200mV 85C Model Setup 'PLL_clocks_inst|altpll_component|auto_generated|pll1|clk[0]'
Slack : 1.925
TNS   : 0.000

Type  : Slow 1200mV 85C Model Setup 'PHY_RX_CLOCK'
Slack : 2.023
TNS   : 0.000

Type  : Slow 1200mV 85C Model Setup 'PLL_IF_inst|altpll_component|auto_generated|pll1|clk[0]'
Slack : 8.962
TNS   : 0.000

Type  : Slow 1200mV 85C Model Setup 'PLL_clocks_inst|altpll_component|auto_generated|pll1|clk[2]'
Slack : 11.175
TNS   : 0.000

Type  : Slow 1200mV 85C Model Setup 'PHY_RX_CLOCK_2'
Slack : 18.296
TNS   : 0.000

Type  : Slow 1200mV 85C Model Setup 'PLL_IF_inst|altpll_component|auto_generated|pll1|clk[1]'
Slack : 19.576
TNS   : 0.000

Type  : Slow 1200mV 85C Model Setup 'PLL_IF_inst|altpll_component|auto_generated|pll1|clk[3]'
Slack : 10410.647
TNS   : 0.000

Type  : Slow 1200mV 85C Model Hold '_122MHz'
Slack : 0.395
TNS   : 0.000

Type  : Slow 1200mV 85C Model Hold 'PHY_RX_CLOCK'
Slack : 0.402
TNS   : 0.000

Type  : Slow 1200mV 85C Model Hold 'SHIFT_inst|altpll_component|auto_generated|pll1|clk[0]'
Slack : 0.402
TNS   : 0.000

Type  : Slow 1200mV 85C Model Hold 'LTC2208_122MHz'
Slack : 0.410
TNS   : 0.000

Type  : Slow 1200mV 85C Model Hold 'PLL_clocks_inst|altpll_component|auto_generated|pll1|clk[2]'
Slack : 0.420
TNS   : 0.000

Type  : Slow 1200mV 85C Model Hold 'PLL_clocks_inst|altpll_component|auto_generated|pll1|clk[1]'
Slack : 0.432
TNS   : 0.000

Type  : Slow 1200mV 85C Model Hold 'PHY_RX_CLOCK_2'
Slack : 0.433
TNS   : 0.000

Type  : Slow 1200mV 85C Model Hold 'PLL_IF_inst|altpll_component|auto_generated|pll1|clk[0]'
Slack : 0.442
TNS   : 0.000

Type  : Slow 1200mV 85C Model Hold 'PLL_IF_inst|altpll_component|auto_generated|pll1|clk[2]'
Slack : 0.443
TNS   : 0.000

Type  : Slow 1200mV 85C Model Hold 'PLL_IF_inst|altpll_component|auto_generated|pll1|clk[3]'
Slack : 0.443
TNS   : 0.000

Type  : Slow 1200mV 85C Model Hold 'PLL_clocks_inst|altpll_component|auto_generated|pll1|clk[0]'
Slack : 0.443
TNS   : 0.000

Type  : Slow 1200mV 85C Model Hold 'PLL_IF_inst|altpll_component|auto_generated|pll1|clk[1]'
Slack : 0.444
TNS   : 0.000

Type  : Slow 1200mV 85C Model Hold 'PHY_CLK125'
Slack : 0.454
TNS   : 0.000

Type  : Slow 1200mV 85C Model Hold 'LTC2208_122MHz_2'
Slack : 0.485
TNS   : 0.000

Type  : Slow 1200mV 85C Model Recovery 'PLL_IF_inst|altpll_component|auto_generated|pll1|clk[0]'
Slack : 14.685
TNS   : 0.000

Type  : Slow 1200mV 85C Model Recovery 'PLL_clocks_inst|altpll_component|auto_generated|pll1|clk[2]'
Slack : 25.222
TNS   : 0.000

Type  : Slow 1200mV 85C Model Recovery 'PLL_clocks_inst|altpll_component|auto_generated|pll1|clk[1]'
Slack : 27.844
TNS   : 0.000

Type  : Slow 1200mV 85C Model Recovery 'PHY_RX_CLOCK_2'
Slack : 64.725
TNS   : 0.000

Type  : Slow 1200mV 85C Model Removal 'PHY_RX_CLOCK_2'
Slack : 3.773
TNS   : 0.000

Type  : Slow 1200mV 85C Model Removal 'PLL_IF_inst|altpll_component|auto_generated|pll1|clk[0]'
Slack : 5.318
TNS   : 0.000

Type  : Slow 1200mV 85C Model Removal 'PLL_clocks_inst|altpll_component|auto_generated|pll1|clk[2]'
Slack : 9.151
TNS   : 0.000

Type  : Slow 1200mV 85C Model Removal 'PLL_clocks_inst|altpll_component|auto_generated|pll1|clk[1]'
Slack : 10.167
TNS   : 0.000

Type  : Slow 1200mV 85C Model Minimum Pulse Width 'LTC2208_122MHz'
Slack : 3.138
TNS   : 0.000

Type  : Slow 1200mV 85C Model Minimum Pulse Width 'LTC2208_122MHz_2'
Slack : 3.138
TNS   : 0.000

Type  : Slow 1200mV 85C Model Minimum Pulse Width 'SHIFT_inst|altpll_component|auto_generated|pll1|clk[0]'
Slack : 3.138
TNS   : 0.000

Type  : Slow 1200mV 85C Model Minimum Pulse Width '_122MHz'
Slack : 3.138
TNS   : 0.000

Type  : Slow 1200mV 85C Model Minimum Pulse Width 'PHY_CLK125'
Slack : 3.776
TNS   : 0.000

Type  : Slow 1200mV 85C Model Minimum Pulse Width 'PLL_IF_inst|altpll_component|auto_generated|pll1|clk[0]'
Slack : 9.995
TNS   : 0.000

Type  : Slow 1200mV 85C Model Minimum Pulse Width 'PLL_clocks_inst|altpll_component|auto_generated|pll1|clk[1]'
Slack : 19.655
TNS   : 0.000

Type  : Slow 1200mV 85C Model Minimum Pulse Width 'PHY_RX_CLOCK'
Slack : 19.672
TNS   : 0.000

Type  : Slow 1200mV 85C Model Minimum Pulse Width 'PHY_RX_CLOCK_2'
Slack : 39.488
TNS   : 0.000

Type  : Slow 1200mV 85C Model Minimum Pulse Width 'PLL_clocks_inst|altpll_component|auto_generated|pll1|clk[2]'
Slack : 39.641
TNS   : 0.000

Type  : Slow 1200mV 85C Model Minimum Pulse Width 'PLL_IF_inst|altpll_component|auto_generated|pll1|clk[1]'
Slack : 40.365
TNS   : 0.000

Type  : Slow 1200mV 85C Model Minimum Pulse Width 'CMCLK'
Slack : 65.694
TNS   : 0.000

Type  : Slow 1200mV 85C Model Minimum Pulse Width 'OSC_10MHZ'
Slack : 96.000
TNS   : 0.000

Type  : Slow 1200mV 85C Model Minimum Pulse Width 'PLL_IF_inst|altpll_component|auto_generated|pll1|clk[2]'
Slack : 162.433
TNS   : 0.000

Type  : Slow 1200mV 85C Model Minimum Pulse Width 'PLL_clocks_inst|altpll_component|auto_generated|pll1|clk[0]'
Slack : 199.676
TNS   : 0.000

Type  : Slow 1200mV 85C Model Minimum Pulse Width 'CBCLK'
Slack : 309.834
TNS   : 0.000

Type  : Slow 1200mV 85C Model Minimum Pulse Width 'PLL_IF_inst|altpll_component|auto_generated|pll1|clk[3]'
Slack : 10416.313
TNS   : 0.000

Type  : Slow 1200mV 85C Model Minimum Pulse Width 'CLRCIN'
Slack : 20817.594
TNS   : 0.000

Type  : Slow 1200mV 85C Model Minimum Pulse Width 'CLRCOUT'
Slack : 20817.594
TNS   : 0.000

Type  : Slow 1200mV 0C Model Setup '_122MHz'
Slack : 0.403
TNS   : 0.000

Type  : Slow 1200mV 0C Model Setup 'SHIFT_inst|altpll_component|auto_generated|pll1|clk[0]'
Slack : 1.242
TNS   : 0.000

Type  : Slow 1200mV 0C Model Setup 'PHY_CLK125'
Slack : 1.354
TNS   : 0.000

Type  : Slow 1200mV 0C Model Setup 'LTC2208_122MHz'
Slack : 1.434
TNS   : 0.000

Type  : Slow 1200mV 0C Model Setup 'LTC2208_122MHz_2'
Slack : 1.545
TNS   : 0.000

Type  : Slow 1200mV 0C Model Setup 'PLL_IF_inst|altpll_component|auto_generated|pll1|clk[2]'
Slack : 1.725
TNS   : 0.000

Type  : Slow 1200mV 0C Model Setup 'PHY_RX_CLOCK'
Slack : 1.875
TNS   : 0.000

Type  : Slow 1200mV 0C Model Setup 'PLL_clocks_inst|altpll_component|auto_generated|pll1|clk[0]'
Slack : 2.598
TNS   : 0.000

Type  : Slow 1200mV 0C Model Setup 'PLL_clocks_inst|altpll_component|auto_generated|pll1|clk[1]'
Slack : 2.803
TNS   : 0.000

Type  : Slow 1200mV 0C Model Setup 'PLL_IF_inst|altpll_component|auto_generated|pll1|clk[0]'
Slack : 9.444
TNS   : 0.000

Type  : Slow 1200mV 0C Model Setup 'PLL_clocks_inst|altpll_component|auto_generated|pll1|clk[2]'
Slack : 11.827
TNS   : 0.000

Type  : Slow 1200mV 0C Model Setup 'PHY_RX_CLOCK_2'
Slack : 17.894
TNS   : 0.000

Type  : Slow 1200mV 0C Model Setup 'PLL_IF_inst|altpll_component|auto_generated|pll1|clk[1]'
Slack : 20.647
TNS   : 0.000

Type  : Slow 1200mV 0C Model Setup 'PLL_IF_inst|altpll_component|auto_generated|pll1|clk[3]'
Slack : 10410.943
TNS   : 0.000

Type  : Slow 1200mV 0C Model Hold 'PHY_RX_CLOCK'
Slack : 0.371
TNS   : 0.000

Type  : Slow 1200mV 0C Model Hold 'SHIFT_inst|altpll_component|auto_generated|pll1|clk[0]'
Slack : 0.377
TNS   : 0.000

Type  : Slow 1200mV 0C Model Hold '_122MHz'
Slack : 0.383
TNS   : 0.000

Type  : Slow 1200mV 0C Model Hold 'LTC2208_122MHz'
Slack : 0.384
TNS   : 0.000

Type  : Slow 1200mV 0C Model Hold 'PLL_clocks_inst|altpll_component|auto_generated|pll1|clk[2]'
Slack : 0.391
TNS   : 0.000

Type  : Slow 1200mV 0C Model Hold 'PHY_RX_CLOCK_2'
Slack : 0.392
TNS   : 0.000

Type  : Slow 1200mV 0C Model Hold 'PLL_IF_inst|altpll_component|auto_generated|pll1|clk[0]'
Slack : 0.392
TNS   : 0.000

Type  : Slow 1200mV 0C Model Hold 'PLL_IF_inst|altpll_component|auto_generated|pll1|clk[3]'
Slack : 0.392
TNS   : 0.000

Type  : Slow 1200mV 0C Model Hold 'PLL_clocks_inst|altpll_component|auto_generated|pll1|clk[0]'
Slack : 0.392
TNS   : 0.000

Type  : Slow 1200mV 0C Model Hold 'PLL_IF_inst|altpll_component|auto_generated|pll1|clk[2]'
Slack : 0.393
TNS   : 0.000

Type  : Slow 1200mV 0C Model Hold 'PLL_clocks_inst|altpll_component|auto_generated|pll1|clk[1]'
Slack : 0.393
TNS   : 0.000

Type  : Slow 1200mV 0C Model Hold 'PLL_IF_inst|altpll_component|auto_generated|pll1|clk[1]'
Slack : 0.394
TNS   : 0.000

Type  : Slow 1200mV 0C Model Hold 'PHY_CLK125'
Slack : 0.407
TNS   : 0.000

Type  : Slow 1200mV 0C Model Hold 'LTC2208_122MHz_2'
Slack : 0.430
TNS   : 0.000

Type  : Slow 1200mV 0C Model Recovery 'PLL_IF_inst|altpll_component|auto_generated|pll1|clk[0]'
Slack : 15.143
TNS   : 0.000

Type  : Slow 1200mV 0C Model Recovery 'PLL_clocks_inst|altpll_component|auto_generated|pll1|clk[2]'
Slack : 26.570
TNS   : 0.000

Type  : Slow 1200mV 0C Model Recovery 'PLL_clocks_inst|altpll_component|auto_generated|pll1|clk[1]'
Slack : 28.599
TNS   : 0.000

Type  : Slow 1200mV 0C Model Recovery 'PHY_RX_CLOCK_2'
Slack : 65.810
TNS   : 0.000

Type  : Slow 1200mV 0C Model Removal 'PHY_RX_CLOCK_2'
Slack : 3.437
TNS   : 0.000

Type  : Slow 1200mV 0C Model Removal 'PLL_IF_inst|altpll_component|auto_generated|pll1|clk[0]'
Slack : 4.741
TNS   : 0.000

Type  : Slow 1200mV 0C Model Removal 'PLL_clocks_inst|altpll_component|auto_generated|pll1|clk[2]'
Slack : 8.149
TNS   : 0.000

Type  : Slow 1200mV 0C Model Removal 'PLL_clocks_inst|altpll_component|auto_generated|pll1|clk[1]'
Slack : 9.126
TNS   : 0.000

Type  : Slow 1200mV 0C Model Minimum Pulse Width 'LTC2208_122MHz'
Slack : 3.138
TNS   : 0.000

Type  : Slow 1200mV 0C Model Minimum Pulse Width 'LTC2208_122MHz_2'
Slack : 3.138
TNS   : 0.000

Type  : Slow 1200mV 0C Model Minimum Pulse Width 'SHIFT_inst|altpll_component|auto_generated|pll1|clk[0]'
Slack : 3.138
TNS   : 0.000

Type  : Slow 1200mV 0C Model Minimum Pulse Width '_122MHz'
Slack : 3.138
TNS   : 0.000

Type  : Slow 1200mV 0C Model Minimum Pulse Width 'PHY_CLK125'
Slack : 3.788
TNS   : 0.000

Type  : Slow 1200mV 0C Model Minimum Pulse Width 'PLL_IF_inst|altpll_component|auto_generated|pll1|clk[0]'
Slack : 10.003
TNS   : 0.000

Type  : Slow 1200mV 0C Model Minimum Pulse Width 'PLL_clocks_inst|altpll_component|auto_generated|pll1|clk[1]'
Slack : 19.638
TNS   : 0.000

Type  : Slow 1200mV 0C Model Minimum Pulse Width 'PHY_RX_CLOCK'
Slack : 19.687
TNS   : 0.000

Type  : Slow 1200mV 0C Model Minimum Pulse Width 'PHY_RX_CLOCK_2'
Slack : 39.471
TNS   : 0.000

Type  : Slow 1200mV 0C Model Minimum Pulse Width 'PLL_clocks_inst|altpll_component|auto_generated|pll1|clk[2]'
Slack : 39.622
TNS   : 0.000

Type  : Slow 1200mV 0C Model Minimum Pulse Width 'PLL_IF_inst|altpll_component|auto_generated|pll1|clk[1]'
Slack : 40.371
TNS   : 0.000

Type  : Slow 1200mV 0C Model Minimum Pulse Width 'CMCLK'
Slack : 65.694
TNS   : 0.000

Type  : Slow 1200mV 0C Model Minimum Pulse Width 'OSC_10MHZ'
Slack : 96.000
TNS   : 0.000

Type  : Slow 1200mV 0C Model Minimum Pulse Width 'PLL_IF_inst|altpll_component|auto_generated|pll1|clk[2]'
Slack : 162.439
TNS   : 0.000

Type  : Slow 1200mV 0C Model Minimum Pulse Width 'PLL_clocks_inst|altpll_component|auto_generated|pll1|clk[0]'
Slack : 199.681
TNS   : 0.000

Type  : Slow 1200mV 0C Model Minimum Pulse Width 'CBCLK'
Slack : 309.834
TNS   : 0.000

Type  : Slow 1200mV 0C Model Minimum Pulse Width 'PLL_IF_inst|altpll_component|auto_generated|pll1|clk[3]'
Slack : 10416.318
TNS   : 0.000

Type  : Slow 1200mV 0C Model Minimum Pulse Width 'CLRCIN'
Slack : 20817.594
TNS   : 0.000

Type  : Slow 1200mV 0C Model Minimum Pulse Width 'CLRCOUT'
Slack : 20817.594
TNS   : 0.000

Type  : Fast 1200mV 0C Model Setup 'PHY_RX_CLOCK'
Slack : 2.346
TNS   : 0.000

Type  : Fast 1200mV 0C Model Setup 'PHY_CLK125'
Slack : 2.833
TNS   : 0.000

Type  : Fast 1200mV 0C Model Setup 'SHIFT_inst|altpll_component|auto_generated|pll1|clk[0]'
Slack : 3.522
TNS   : 0.000

Type  : Fast 1200mV 0C Model Setup 'PLL_clocks_inst|altpll_component|auto_generated|pll1|clk[0]'
Slack : 3.700
TNS   : 0.000

Type  : Fast 1200mV 0C Model Setup '_122MHz'
Slack : 4.022
TNS   : 0.000

Type  : Fast 1200mV 0C Model Setup 'LTC2208_122MHz_2'
Slack : 4.870
TNS   : 0.000

Type  : Fast 1200mV 0C Model Setup 'LTC2208_122MHz'
Slack : 5.026
TNS   : 0.000

Type  : Fast 1200mV 0C Model Setup 'PLL_IF_inst|altpll_component|auto_generated|pll1|clk[2]'
Slack : 5.820
TNS   : 0.000

Type  : Fast 1200mV 0C Model Setup 'PLL_clocks_inst|altpll_component|auto_generated|pll1|clk[1]'
Slack : 7.935
TNS   : 0.000

Type  : Fast 1200mV 0C Model Setup 'PLL_IF_inst|altpll_component|auto_generated|pll1|clk[0]'
Slack : 15.478
TNS   : 0.000

Type  : Fast 1200mV 0C Model Setup 'PLL_clocks_inst|altpll_component|auto_generated|pll1|clk[2]'
Slack : 16.092
TNS   : 0.000

Type  : Fast 1200mV 0C Model Setup 'PHY_RX_CLOCK_2'
Slack : 19.489
TNS   : 0.000

Type  : Fast 1200mV 0C Model Setup 'PLL_IF_inst|altpll_component|auto_generated|pll1|clk[1]'
Slack : 25.109
TNS   : 0.000

Type  : Fast 1200mV 0C Model Setup 'PLL_IF_inst|altpll_component|auto_generated|pll1|clk[3]'
Slack : 10413.760
TNS   : 0.000

Type  : Fast 1200mV 0C Model Hold 'SHIFT_inst|altpll_component|auto_generated|pll1|clk[0]'
Slack : 0.120
TNS   : 0.000

Type  : Fast 1200mV 0C Model Hold '_122MHz'
Slack : 0.125
TNS   : 0.000

Type  : Fast 1200mV 0C Model Hold 'LTC2208_122MHz'
Slack : 0.128
TNS   : 0.000

Type  : Fast 1200mV 0C Model Hold 'PLL_clocks_inst|altpll_component|auto_generated|pll1|clk[2]'
Slack : 0.139
TNS   : 0.000

Type  : Fast 1200mV 0C Model Hold 'PLL_IF_inst|altpll_component|auto_generated|pll1|clk[3]'
Slack : 0.140
TNS   : 0.000

Type  : Fast 1200mV 0C Model Hold 'PLL_IF_inst|altpll_component|auto_generated|pll1|clk[0]'
Slack : 0.147
TNS   : 0.000

Type  : Fast 1200mV 0C Model Hold 'PLL_clocks_inst|altpll_component|auto_generated|pll1|clk[1]'
Slack : 0.152
TNS   : 0.000

Type  : Fast 1200mV 0C Model Hold 'PHY_RX_CLOCK'
Slack : 0.154
TNS   : 0.000

Type  : Fast 1200mV 0C Model Hold 'PHY_RX_CLOCK_2'
Slack : 0.155
TNS   : 0.000

Type  : Fast 1200mV 0C Model Hold 'PLL_clocks_inst|altpll_component|auto_generated|pll1|clk[0]'
Slack : 0.179
TNS   : 0.000

Type  : Fast 1200mV 0C Model Hold 'PLL_IF_inst|altpll_component|auto_generated|pll1|clk[1]'
Slack : 0.182
TNS   : 0.000

Type  : Fast 1200mV 0C Model Hold 'PLL_IF_inst|altpll_component|auto_generated|pll1|clk[2]'
Slack : 0.182
TNS   : 0.000

Type  : Fast 1200mV 0C Model Hold 'LTC2208_122MHz_2'
Slack : 0.184
TNS   : 0.000

Type  : Fast 1200mV 0C Model Hold 'PHY_CLK125'
Slack : 0.188
TNS   : 0.000

Type  : Fast 1200mV 0C Model Recovery 'PLL_IF_inst|altpll_component|auto_generated|pll1|clk[0]'
Slack : 17.957
TNS   : 0.000

Type  : Fast 1200mV 0C Model Recovery 'PLL_clocks_inst|altpll_component|auto_generated|pll1|clk[2]'
Slack : 32.718
TNS   : 0.000

Type  : Fast 1200mV 0C Model Recovery 'PLL_clocks_inst|altpll_component|auto_generated|pll1|clk[1]'
Slack : 33.898
TNS   : 0.000

Type  : Fast 1200mV 0C Model Recovery 'PHY_RX_CLOCK_2'
Slack : 72.917
TNS   : 0.000

Type  : Fast 1200mV 0C Model Removal 'PHY_RX_CLOCK_2'
Slack : 1.460
TNS   : 0.000

Type  : Fast 1200mV 0C Model Removal 'PLL_IF_inst|altpll_component|auto_generated|pll1|clk[0]'
Slack : 2.398
TNS   : 0.000

Type  : Fast 1200mV 0C Model Removal 'PLL_clocks_inst|altpll_component|auto_generated|pll1|clk[2]'
Slack : 4.078
TNS   : 0.000

Type  : Fast 1200mV 0C Model Removal 'PLL_clocks_inst|altpll_component|auto_generated|pll1|clk[1]'
Slack : 4.614
TNS   : 0.000

Type  : Fast 1200mV 0C Model Minimum Pulse Width 'PHY_CLK125'
Slack : 3.267
TNS   : 0.000

Type  : Fast 1200mV 0C Model Minimum Pulse Width 'LTC2208_122MHz'
Slack : 3.272
TNS   : 0.000

Type  : Fast 1200mV 0C Model Minimum Pulse Width '_122MHz'
Slack : 3.275
TNS   : 0.000

Type  : Fast 1200mV 0C Model Minimum Pulse Width 'LTC2208_122MHz_2'
Slack : 3.301
TNS   : 0.000

Type  : Fast 1200mV 0C Model Minimum Pulse Width 'SHIFT_inst|altpll_component|auto_generated|pll1|clk[0]'
Slack : 3.825
TNS   : 0.000

Type  : Fast 1200mV 0C Model Minimum Pulse Width 'PLL_IF_inst|altpll_component|auto_generated|pll1|clk[0]'
Slack : 10.163
TNS   : 0.000

Type  : Fast 1200mV 0C Model Minimum Pulse Width 'PHY_RX_CLOCK'
Slack : 19.203
TNS   : 0.000

Type  : Fast 1200mV 0C Model Minimum Pulse Width 'PLL_clocks_inst|altpll_component|auto_generated|pll1|clk[1]'
Slack : 19.751
TNS   : 0.000

Type  : Fast 1200mV 0C Model Minimum Pulse Width 'PHY_RX_CLOCK_2'
Slack : 39.715
TNS   : 0.000

Type  : Fast 1200mV 0C Model Minimum Pulse Width 'PLL_clocks_inst|altpll_component|auto_generated|pll1|clk[2]'
Slack : 39.752
TNS   : 0.000

Type  : Fast 1200mV 0C Model Minimum Pulse Width 'PLL_IF_inst|altpll_component|auto_generated|pll1|clk[1]'
Slack : 40.463
TNS   : 0.000

Type  : Fast 1200mV 0C Model Minimum Pulse Width 'CMCLK'
Slack : 70.923
TNS   : 0.000

Type  : Fast 1200mV 0C Model Minimum Pulse Width 'OSC_10MHZ'
Slack : 96.000
TNS   : 0.000

Type  : Fast 1200mV 0C Model Minimum Pulse Width 'PLL_IF_inst|altpll_component|auto_generated|pll1|clk[2]'
Slack : 162.534
TNS   : 0.000

Type  : Fast 1200mV 0C Model Minimum Pulse Width 'PLL_clocks_inst|altpll_component|auto_generated|pll1|clk[0]'
Slack : 199.774
TNS   : 0.000

Type  : Fast 1200mV 0C Model Minimum Pulse Width 'CBCLK'
Slack : 315.063
TNS   : 0.000

Type  : Fast 1200mV 0C Model Minimum Pulse Width 'PLL_IF_inst|altpll_component|auto_generated|pll1|clk[3]'
Slack : 10416.390
TNS   : 0.000

Type  : Fast 1200mV 0C Model Minimum Pulse Width 'CLRCIN'
Slack : 20822.823
TNS   : 0.000

Type  : Fast 1200mV 0C Model Minimum Pulse Width 'CLRCOUT'
Slack : 20822.823
TNS   : 0.000

------------------------------------------------------------
