Flow report for Angelia
Wed Feb 01 22:26:56 2017
Quartus Prime Version 16.0.0 Build 211 04/27/2016 SJ Lite Edition


---------------------
; Table of Contents ;
---------------------
  1. Legal Notice
  2. Flow Summary
  3. Flow Settings
  4. Flow Non-Default Global Settings
  5. Flow Elapsed Time
  6. Flow OS Summary
  7. Flow Log
  8. Flow Messages
  9. Flow Suppressed Messages



----------------
; Legal Notice ;
----------------
Copyright (C) 1991-2016 Altera Corporation. All rights reserved.
Your use of Altera Corporation's design tools, logic functions 
and other software and tools, and its AMPP partner logic 
functions, and any output files from any of the foregoing 
(including device programming or simulation files), and any 
associated documentation or information are expressly subject 
to the terms and conditions of the Altera Program License 
Subscription Agreement, the Altera Quartus Prime License Agreement,
the Altera MegaCore Function License Agreement, or other 
applicable license agreement, including, without limitation, 
that your use is for the sole purpose of programming logic 
devices manufactured by Altera and sold by Altera or its 
authorized distributors.  Please refer to the applicable 
agreement for further details.



+----------------------------------------------------------------------------------+
; Flow Summary                                                                     ;
+------------------------------------+---------------------------------------------+
; Flow Status                        ; Successful - Wed Feb 01 22:26:20 2017       ;
; Quartus Prime Version              ; 16.0.0 Build 211 04/27/2016 SJ Lite Edition ;
; Revision Name                      ; Angelia                                     ;
; Top-level Entity Name              ; Angelia                                     ;
; Family                             ; Cyclone IV E                                ;
; Device                             ; EP4CE115F29C8                               ;
; Timing Models                      ; Final                                       ;
; Total logic elements               ; 52,607 / 114,480 ( 46 % )                   ;
;     Total combinational functions  ; 43,504 / 114,480 ( 38 % )                   ;
;     Dedicated logic registers      ; 36,023 / 114,480 ( 31 % )                   ;
; Total registers                    ; 36024                                       ;
; Total pins                         ; 158 / 529 ( 30 % )                          ;
; Total virtual pins                 ; 0                                           ;
; Total memory bits                  ; 1,208,592 / 3,981,312 ( 30 % )              ;
; Embedded Multiplier 9-bit elements ; 330 / 532 ( 62 % )                          ;
; Total PLLs                         ; 4 / 4 ( 100 % )                             ;
+------------------------------------+---------------------------------------------+


+-----------------------------------------+
; Flow Settings                           ;
+-------------------+---------------------+
; Option            ; Setting             ;
+-------------------+---------------------+
; Start date & time ; 02/01/2017 22:08:01 ;
; Main task         ; Compilation         ;
; Revision Name     ; Angelia             ;
+-------------------+---------------------+


+------------------------------------------------------------------------------------------------------------------------+
; Flow Non-Default Global Settings                                                                                       ;
+-------------------------------------+---------------------------------------+---------------+-------------+------------+
; Assignment Name                     ; Value                                 ; Default Value ; Entity Name ; Section Id ;
+-------------------------------------+---------------------------------------+---------------+-------------+------------+
; ALLOW_POWER_UP_DONT_CARE            ; Off                                   ; On            ; --          ; --         ;
; COMPILER_SIGNATURE_ID               ; 229044586102307.148601208012280       ; --            ; --          ; --         ;
; MAX_CORE_JUNCTION_TEMP              ; 85                                    ; --            ; --          ; --         ;
; MIN_CORE_JUNCTION_TEMP              ; 0                                     ; --            ; --          ; --         ;
; MISC_FILE                           ; PLL_IF_bb.v                           ; --            ; --          ; --         ;
; MISC_FILE                           ; PLL_IF.ppf                            ; --            ; --          ; --         ;
; MISC_FILE                           ; PLL_clocks_bb.v                       ; --            ; --          ; --         ;
; MISC_FILE                           ; PLL_clocks.ppf                        ; --            ; --          ; --         ;
; MISC_FILE                           ; C122_PLL_bb.v                         ; --            ; --          ; --         ;
; MISC_FILE                           ; C122_PLL.ppf                          ; --            ; --          ; --         ;
; MISC_FILE                           ; C122_SHIFT_PLL_bb.v                   ; --            ; --          ; --         ;
; MISC_FILE                           ; C122_SHIFT_PLL.ppf                    ; --            ; --          ; --         ;
; OUTPUT_IO_TIMING_FAR_END_VMEAS      ; Half Signal Swing                     ; --            ; --          ; --         ;
; OUTPUT_IO_TIMING_FAR_END_VMEAS      ; Half Signal Swing                     ; --            ; --          ; --         ;
; OUTPUT_IO_TIMING_NEAR_END_VMEAS     ; Half Vccio                            ; --            ; --          ; --         ;
; OUTPUT_IO_TIMING_NEAR_END_VMEAS     ; Half Vccio                            ; --            ; --          ; --         ;
; PARTITION_COLOR                     ; 16764057                              ; --            ; --          ; Top        ;
; PARTITION_FITTER_PRESERVATION_LEVEL ; PLACEMENT_AND_ROUTING                 ; --            ; --          ; Top        ;
; PARTITION_NETLIST_TYPE              ; SOURCE                                ; --            ; --          ; Top        ;
; POWER_BOARD_THERMAL_MODEL           ; None (CONSERVATIVE)                   ; --            ; --          ; --         ;
; POWER_PRESET_COOLING_SOLUTION       ; 23 MM HEAT SINK WITH 200 LFPM AIRFLOW ; --            ; --          ; --         ;
; SEARCH_PATH                         ; Hermes_V1.4/                          ; --            ; --          ; --         ;
; SEARCH_PATH                         ; Hermes_V1.5/                          ; --            ; --          ; --         ;
; SEARCH_PATH                         ; Polyphase_FIR/                        ; --            ; --          ; --         ;
; VERILOG_INPUT_VERSION               ; SystemVerilog_2005                    ; Verilog_2001  ; --          ; --         ;
; VERILOG_SHOW_LMF_MAPPING_MESSAGES   ; Off                                   ; --            ; --          ; --         ;
+-------------------------------------+---------------------------------------+---------------+-------------+------------+


+-------------------------------------------------------------------------------------------------------------------------------+
; Flow Elapsed Time                                                                                                             ;
+---------------------------+--------------+-------------------------+---------------------+------------------------------------+
; Module Name               ; Elapsed Time ; Average Processors Used ; Peak Virtual Memory ; Total CPU Time (on all processors) ;
+---------------------------+--------------+-------------------------+---------------------+------------------------------------+
; Analysis & Synthesis      ; 00:02:31     ; 1.0                     ; 1444 MB             ; 00:02:43                           ;
; Fitter                    ; 00:15:23     ; 1.0                     ; 2239 MB             ; 00:15:23                           ;
; Assembler                 ; 00:00:07     ; 1.0                     ; 946 MB              ; 00:00:07                           ;
; TimeQuest Timing Analyzer ; 00:00:34     ; 1.0                     ; 1424 MB             ; 00:00:35                           ;
; Total                     ; 00:18:35     ; --                      ; --                  ; 00:18:48                           ;
+---------------------------+--------------+-------------------------+---------------------+------------------------------------+


+----------------------------------------------------------------------------------------+
; Flow OS Summary                                                                        ;
+---------------------------+------------------+-----------+------------+----------------+
; Module Name               ; Machine Hostname ; OS Name   ; OS Version ; Processor type ;
+---------------------------+------------------+-----------+------------+----------------+
; Analysis & Synthesis      ; i7               ; Windows 7 ; 6.1        ; x86_64         ;
; Fitter                    ; i7               ; Windows 7 ; 6.1        ; x86_64         ;
; Assembler                 ; i7               ; Windows 7 ; 6.1        ; x86_64         ;
; TimeQuest Timing Analyzer ; i7               ; Windows 7 ; 6.1        ; x86_64         ;
+---------------------------+------------------+-----------+------------+----------------+


------------
; Flow Log ;
------------
quartus_map --read_settings_files=on --write_settings_files=off Angelia -c Angelia
quartus_fit --read_settings_files=off --write_settings_files=off Angelia -c Angelia
quartus_asm --read_settings_files=off --write_settings_files=off Angelia -c Angelia
quartus_sta Angelia -c Angelia



