------------------------------------------------------------
TimeQuest Timing Analyzer Summary
------------------------------------------------------------

Type  : Slow 1200mV 85C Model Setup 'PHY_CLK125'
Slack : 0.456
TNS   : 0.000

Type  : Slow 1200mV 85C Model Setup 'PHY_RX_CLOCK'
Slack : 1.068
TNS   : 0.000

Type  : Slow 1200mV 85C Model Setup 'PLL_inst|altpll_component|auto_generated|pll1|clk[1]'
Slack : 1.387
TNS   : 0.000

Type  : Slow 1200mV 85C Model Setup 'PLL_inst|altpll_component|auto_generated|pll1|clk[3]'
Slack : 2.045
TNS   : 0.000

Type  : Slow 1200mV 85C Model Setup 'n/a'
Slack : 2.251
TNS   : 0.000

Type  : Slow 1200mV 85C Model Setup 'PLL_inst|altpll_component|auto_generated|pll1|clk[2]'
Slack : 13.736
TNS   : 0.000

Type  : Slow 1200mV 85C Model Setup 'PHY_RX-CLOCK_2'
Slack : 15.596
TNS   : 0.000

Type  : Slow 1200mV 85C Model Hold 'PHY_RX_CLOCK'
Slack : 0.317
TNS   : 0.000

Type  : Slow 1200mV 85C Model Hold 'PHY_RX-CLOCK_2'
Slack : 0.327
TNS   : 0.000

Type  : Slow 1200mV 85C Model Hold 'PLL_inst|altpll_component|auto_generated|pll1|clk[1]'
Slack : 0.339
TNS   : 0.000

Type  : Slow 1200mV 85C Model Hold 'PLL_inst|altpll_component|auto_generated|pll1|clk[3]'
Slack : 0.393
TNS   : 0.000

Type  : Slow 1200mV 85C Model Hold 'PLL_inst|altpll_component|auto_generated|pll1|clk[2]'
Slack : 0.394
TNS   : 0.000

Type  : Slow 1200mV 85C Model Hold 'PHY_CLK125'
Slack : 0.397
TNS   : 0.000

Type  : Slow 1200mV 85C Model Hold 'n/a'
Slack : 9.979
TNS   : 0.000

Type  : Slow 1200mV 85C Model Recovery 'PHY_RX_CLOCK'
Slack : 11.206
TNS   : 0.000

Type  : Slow 1200mV 85C Model Recovery 'PLL_inst|altpll_component|auto_generated|pll1|clk[1]'
Slack : 33.979
TNS   : 0.000

Type  : Slow 1200mV 85C Model Recovery 'PLL_inst|altpll_component|auto_generated|pll1|clk[2]'
Slack : 38.154
TNS   : 0.000

Type  : Slow 1200mV 85C Model Recovery 'PHY_RX-CLOCK_2'
Slack : 73.980
TNS   : 0.000

Type  : Slow 1200mV 85C Model Removal 'PLL_inst|altpll_component|auto_generated|pll1|clk[1]'
Slack : 1.417
TNS   : 0.000

Type  : Slow 1200mV 85C Model Removal 'PHY_RX-CLOCK_2'
Slack : 3.997
TNS   : 0.000

Type  : Slow 1200mV 85C Model Removal 'PHY_RX_CLOCK'
Slack : 27.599
TNS   : 0.000

Type  : Slow 1200mV 85C Model Removal 'PLL_inst|altpll_component|auto_generated|pll1|clk[2]'
Slack : 41.248
TNS   : 0.000

Type  : Slow 1200mV 85C Model Minimum Pulse Width 'PHY_CLK125'
Slack : 3.760
TNS   : 0.000

Type  : Slow 1200mV 85C Model Minimum Pulse Width 'PLL_inst|altpll_component|auto_generated|pll1|clk[1]'
Slack : 9.610
TNS   : 0.000

Type  : Slow 1200mV 85C Model Minimum Pulse Width 'PHY_RX_CLOCK'
Slack : 19.680
TNS   : 0.000

Type  : Slow 1200mV 85C Model Minimum Pulse Width 'PLL_inst|altpll_component|auto_generated|pll1|clk[2]'
Slack : 39.633
TNS   : 0.000

Type  : Slow 1200mV 85C Model Minimum Pulse Width 'PHY_RX-CLOCK_2'
Slack : 39.671
TNS   : 0.000

Type  : Slow 1200mV 85C Model Minimum Pulse Width 'PLL_inst|altpll_component|auto_generated|pll1|clk[3]'
Slack : 199.631
TNS   : 0.000

Type  : Slow 1200mV 0C Model Setup 'PHY_CLK125'
Slack : 1.147
TNS   : 0.000

Type  : Slow 1200mV 0C Model Setup 'PHY_RX_CLOCK'
Slack : 1.266
TNS   : 0.000

Type  : Slow 1200mV 0C Model Setup 'PLL_inst|altpll_component|auto_generated|pll1|clk[1]'
Slack : 2.047
TNS   : 0.000

Type  : Slow 1200mV 0C Model Setup 'PLL_inst|altpll_component|auto_generated|pll1|clk[3]'
Slack : 2.626
TNS   : 0.000

Type  : Slow 1200mV 0C Model Setup 'n/a'
Slack : 3.499
TNS   : 0.000

Type  : Slow 1200mV 0C Model Setup 'PLL_inst|altpll_component|auto_generated|pll1|clk[2]'
Slack : 14.262
TNS   : 0.000

Type  : Slow 1200mV 0C Model Setup 'PHY_RX-CLOCK_2'
Slack : 15.963
TNS   : 0.000

Type  : Slow 1200mV 0C Model Hold 'PHY_RX_CLOCK'
Slack : 0.318
TNS   : 0.000

Type  : Slow 1200mV 0C Model Hold 'PLL_inst|altpll_component|auto_generated|pll1|clk[1]'
Slack : 0.329
TNS   : 0.000

Type  : Slow 1200mV 0C Model Hold 'PHY_RX-CLOCK_2'
Slack : 0.330
TNS   : 0.000

Type  : Slow 1200mV 0C Model Hold 'PLL_inst|altpll_component|auto_generated|pll1|clk[3]'
Slack : 0.344
TNS   : 0.000

Type  : Slow 1200mV 0C Model Hold 'PLL_inst|altpll_component|auto_generated|pll1|clk[2]'
Slack : 0.346
TNS   : 0.000

Type  : Slow 1200mV 0C Model Hold 'PHY_CLK125'
Slack : 0.354
TNS   : 0.000

Type  : Slow 1200mV 0C Model Hold 'n/a'
Slack : 8.900
TNS   : 0.000

Type  : Slow 1200mV 0C Model Recovery 'PHY_RX_CLOCK'
Slack : 12.050
TNS   : 0.000

Type  : Slow 1200mV 0C Model Recovery 'PLL_inst|altpll_component|auto_generated|pll1|clk[1]'
Slack : 34.527
TNS   : 0.000

Type  : Slow 1200mV 0C Model Recovery 'PLL_inst|altpll_component|auto_generated|pll1|clk[2]'
Slack : 38.352
TNS   : 0.000

Type  : Slow 1200mV 0C Model Recovery 'PHY_RX-CLOCK_2'
Slack : 74.536
TNS   : 0.000

Type  : Slow 1200mV 0C Model Removal 'PLL_inst|altpll_component|auto_generated|pll1|clk[1]'
Slack : 1.301
TNS   : 0.000

Type  : Slow 1200mV 0C Model Removal 'PHY_RX-CLOCK_2'
Slack : 3.538
TNS   : 0.000

Type  : Slow 1200mV 0C Model Removal 'PHY_RX_CLOCK'
Slack : 26.788
TNS   : 0.000

Type  : Slow 1200mV 0C Model Removal 'PLL_inst|altpll_component|auto_generated|pll1|clk[2]'
Slack : 41.136
TNS   : 0.000

Type  : Slow 1200mV 0C Model Minimum Pulse Width 'PHY_CLK125'
Slack : 3.760
TNS   : 0.000

Type  : Slow 1200mV 0C Model Minimum Pulse Width 'PLL_inst|altpll_component|auto_generated|pll1|clk[1]'
Slack : 9.719
TNS   : 0.000

Type  : Slow 1200mV 0C Model Minimum Pulse Width 'PHY_RX_CLOCK'
Slack : 19.678
TNS   : 0.000

Type  : Slow 1200mV 0C Model Minimum Pulse Width 'PLL_inst|altpll_component|auto_generated|pll1|clk[2]'
Slack : 39.644
TNS   : 0.000

Type  : Slow 1200mV 0C Model Minimum Pulse Width 'PHY_RX-CLOCK_2'
Slack : 39.656
TNS   : 0.000

Type  : Slow 1200mV 0C Model Minimum Pulse Width 'PLL_inst|altpll_component|auto_generated|pll1|clk[3]'
Slack : 199.640
TNS   : 0.000

Type  : Fast 1200mV 0C Model Setup 'PHY_RX_CLOCK'
Slack : 1.976
TNS   : 0.000

Type  : Fast 1200mV 0C Model Setup 'PLL_inst|altpll_component|auto_generated|pll1|clk[1]'
Slack : 2.097
TNS   : 0.000

Type  : Fast 1200mV 0C Model Setup 'PHY_CLK125'
Slack : 3.417
TNS   : 0.000

Type  : Fast 1200mV 0C Model Setup 'PLL_inst|altpll_component|auto_generated|pll1|clk[3]'
Slack : 3.568
TNS   : 0.000

Type  : Fast 1200mV 0C Model Setup 'n/a'
Slack : 7.691
TNS   : 0.000

Type  : Fast 1200mV 0C Model Setup 'PLL_inst|altpll_component|auto_generated|pll1|clk[2]'
Slack : 16.803
TNS   : 0.000

Type  : Fast 1200mV 0C Model Setup 'PHY_RX-CLOCK_2'
Slack : 17.720
TNS   : 0.000

Type  : Fast 1200mV 0C Model Hold 'PHY_RX-CLOCK_2'
Slack : 0.133
TNS   : 0.000

Type  : Fast 1200mV 0C Model Hold 'PLL_inst|altpll_component|auto_generated|pll1|clk[1]'
Slack : 0.142
TNS   : 0.000

Type  : Fast 1200mV 0C Model Hold 'PHY_RX_CLOCK'
Slack : 0.145
TNS   : 0.000

Type  : Fast 1200mV 0C Model Hold 'PLL_inst|altpll_component|auto_generated|pll1|clk[2]'
Slack : 0.174
TNS   : 0.000

Type  : Fast 1200mV 0C Model Hold 'PLL_inst|altpll_component|auto_generated|pll1|clk[3]'
Slack : 0.174
TNS   : 0.000

Type  : Fast 1200mV 0C Model Hold 'PHY_CLK125'
Slack : 0.180
TNS   : 0.000

Type  : Fast 1200mV 0C Model Hold 'n/a'
Slack : 5.417
TNS   : 0.000

Type  : Fast 1200mV 0C Model Recovery 'PHY_RX_CLOCK'
Slack : 15.659
TNS   : 0.000

Type  : Fast 1200mV 0C Model Recovery 'PLL_inst|altpll_component|auto_generated|pll1|clk[1]'
Slack : 36.752
TNS   : 0.000

Type  : Fast 1200mV 0C Model Recovery 'PLL_inst|altpll_component|auto_generated|pll1|clk[2]'
Slack : 39.022
TNS   : 0.000

Type  : Fast 1200mV 0C Model Recovery 'PHY_RX-CLOCK_2'
Slack : 76.652
TNS   : 0.000

Type  : Fast 1200mV 0C Model Removal 'PLL_inst|altpll_component|auto_generated|pll1|clk[1]'
Slack : 0.683
TNS   : 0.000

Type  : Fast 1200mV 0C Model Removal 'PHY_RX-CLOCK_2'
Slack : 2.127
TNS   : 0.000

Type  : Fast 1200mV 0C Model Removal 'PHY_RX_CLOCK'
Slack : 23.519
TNS   : 0.000

Type  : Fast 1200mV 0C Model Removal 'PLL_inst|altpll_component|auto_generated|pll1|clk[2]'
Slack : 40.604
TNS   : 0.000

Type  : Fast 1200mV 0C Model Minimum Pulse Width 'PHY_CLK125'
Slack : 3.317
TNS   : 0.000

Type  : Fast 1200mV 0C Model Minimum Pulse Width 'PLL_inst|altpll_component|auto_generated|pll1|clk[1]'
Slack : 9.872
TNS   : 0.000

Type  : Fast 1200mV 0C Model Minimum Pulse Width 'PHY_RX_CLOCK'
Slack : 19.259
TNS   : 0.000

Type  : Fast 1200mV 0C Model Minimum Pulse Width 'PLL_inst|altpll_component|auto_generated|pll1|clk[2]'
Slack : 39.742
TNS   : 0.000

Type  : Fast 1200mV 0C Model Minimum Pulse Width 'PHY_RX-CLOCK_2'
Slack : 39.763
TNS   : 0.000

Type  : Fast 1200mV 0C Model Minimum Pulse Width 'PLL_inst|altpll_component|auto_generated|pll1|clk[3]'
Slack : 199.740
TNS   : 0.000

------------------------------------------------------------
