------------------------------------------------------------
TimeQuest Timing Analyzer Summary
------------------------------------------------------------

Type  : Slow 1200mV 85C Model Setup 'PHY_CLK125'
Slack : 4.217
TNS   : 0.000

Type  : Slow 1200mV 85C Model Setup 'PLL_inst|altpll_component|auto_generated|pll1|clk[1]'
Slack : 8.237
TNS   : 0.000

Type  : Slow 1200mV 85C Model Setup 'PLL_inst|altpll_component|auto_generated|pll1|clk[2]'
Slack : 13.654
TNS   : 0.000

Type  : Slow 1200mV 85C Model Setup 'PHY_RX_CLOCK_2'
Slack : 32.684
TNS   : 0.000

Type  : Slow 1200mV 85C Model Setup 'PLL_inst|altpll_component|auto_generated|pll1|clk[3]'
Slack : 35.183
TNS   : 0.000

Type  : Slow 1200mV 85C Model Setup 'PHY_RX_CLOCK'
Slack : 35.700
TNS   : 0.000

Type  : Slow 1200mV 85C Model Hold 'PLL_inst|altpll_component|auto_generated|pll1|clk[1]'
Slack : 0.320
TNS   : 0.000

Type  : Slow 1200mV 85C Model Hold 'PHY_RX_CLOCK'
Slack : 0.407
TNS   : 0.000

Type  : Slow 1200mV 85C Model Hold 'PHY_RX_CLOCK_2'
Slack : 0.430
TNS   : 0.000

Type  : Slow 1200mV 85C Model Hold 'PLL_inst|altpll_component|auto_generated|pll1|clk[3]'
Slack : 0.444
TNS   : 0.000

Type  : Slow 1200mV 85C Model Hold 'PLL_inst|altpll_component|auto_generated|pll1|clk[2]'
Slack : 0.445
TNS   : 0.000

Type  : Slow 1200mV 85C Model Hold 'PHY_CLK125'
Slack : 0.454
TNS   : 0.000

Type  : Slow 1200mV 85C Model Recovery 'PLL_inst|altpll_component|auto_generated|pll1|clk[1]'
Slack : 17.116
TNS   : 0.000

Type  : Slow 1200mV 85C Model Recovery 'PLL_inst|altpll_component|auto_generated|pll1|clk[2]'
Slack : 37.629
TNS   : 0.000

Type  : Slow 1200mV 85C Model Removal 'PLL_inst|altpll_component|auto_generated|pll1|clk[1]'
Slack : 1.119
TNS   : 0.000

Type  : Slow 1200mV 85C Model Removal 'PLL_inst|altpll_component|auto_generated|pll1|clk[2]'
Slack : 41.629
TNS   : 0.000

Type  : Slow 1200mV 85C Model Minimum Pulse Width 'PHY_CLK125'
Slack : 3.748
TNS   : 0.000

Type  : Slow 1200mV 85C Model Minimum Pulse Width 'PLL_inst|altpll_component|auto_generated|pll1|clk[1]'
Slack : 9.634
TNS   : 0.000

Type  : Slow 1200mV 85C Model Minimum Pulse Width 'PHY_RX_CLOCK'
Slack : 19.739
TNS   : 0.000

Type  : Slow 1200mV 85C Model Minimum Pulse Width 'PHY_RX_CLOCK_2'
Slack : 39.675
TNS   : 0.000

Type  : Slow 1200mV 85C Model Minimum Pulse Width 'PLL_inst|altpll_component|auto_generated|pll1|clk[2]'
Slack : 39.677
TNS   : 0.000

Type  : Slow 1200mV 85C Model Minimum Pulse Width 'PLL_inst|altpll_component|auto_generated|pll1|clk[3]'
Slack : 199.675
TNS   : 0.000

Type  : Slow 1200mV 0C Model Setup 'PHY_CLK125'
Slack : 4.596
TNS   : 0.000

Type  : Slow 1200mV 0C Model Setup 'PLL_inst|altpll_component|auto_generated|pll1|clk[1]'
Slack : 8.763
TNS   : 0.000

Type  : Slow 1200mV 0C Model Setup 'PLL_inst|altpll_component|auto_generated|pll1|clk[2]'
Slack : 14.033
TNS   : 0.000

Type  : Slow 1200mV 0C Model Setup 'PHY_RX_CLOCK_2'
Slack : 32.931
TNS   : 0.000

Type  : Slow 1200mV 0C Model Setup 'PLL_inst|altpll_component|auto_generated|pll1|clk[3]'
Slack : 35.544
TNS   : 0.000

Type  : Slow 1200mV 0C Model Setup 'PHY_RX_CLOCK'
Slack : 36.005
TNS   : 0.000

Type  : Slow 1200mV 0C Model Hold 'PLL_inst|altpll_component|auto_generated|pll1|clk[1]'
Slack : 0.296
TNS   : 0.000

Type  : Slow 1200mV 0C Model Hold 'PHY_RX_CLOCK'
Slack : 0.377
TNS   : 0.000

Type  : Slow 1200mV 0C Model Hold 'PHY_RX_CLOCK_2'
Slack : 0.392
TNS   : 0.000

Type  : Slow 1200mV 0C Model Hold 'PLL_inst|altpll_component|auto_generated|pll1|clk[3]'
Slack : 0.393
TNS   : 0.000

Type  : Slow 1200mV 0C Model Hold 'PLL_inst|altpll_component|auto_generated|pll1|clk[2]'
Slack : 0.394
TNS   : 0.000

Type  : Slow 1200mV 0C Model Hold 'PHY_CLK125'
Slack : 0.407
TNS   : 0.000

Type  : Slow 1200mV 0C Model Recovery 'PLL_inst|altpll_component|auto_generated|pll1|clk[1]'
Slack : 17.302
TNS   : 0.000

Type  : Slow 1200mV 0C Model Recovery 'PLL_inst|altpll_component|auto_generated|pll1|clk[2]'
Slack : 37.796
TNS   : 0.000

Type  : Slow 1200mV 0C Model Removal 'PLL_inst|altpll_component|auto_generated|pll1|clk[1]'
Slack : 1.020
TNS   : 0.000

Type  : Slow 1200mV 0C Model Removal 'PLL_inst|altpll_component|auto_generated|pll1|clk[2]'
Slack : 41.450
TNS   : 0.000

Type  : Slow 1200mV 0C Model Minimum Pulse Width 'PHY_CLK125'
Slack : 3.736
TNS   : 0.000

Type  : Slow 1200mV 0C Model Minimum Pulse Width 'PLL_inst|altpll_component|auto_generated|pll1|clk[1]'
Slack : 9.743
TNS   : 0.000

Type  : Slow 1200mV 0C Model Minimum Pulse Width 'PHY_RX_CLOCK'
Slack : 19.732
TNS   : 0.000

Type  : Slow 1200mV 0C Model Minimum Pulse Width 'PHY_RX_CLOCK_2'
Slack : 39.634
TNS   : 0.000

Type  : Slow 1200mV 0C Model Minimum Pulse Width 'PLL_inst|altpll_component|auto_generated|pll1|clk[2]'
Slack : 39.683
TNS   : 0.000

Type  : Slow 1200mV 0C Model Minimum Pulse Width 'PLL_inst|altpll_component|auto_generated|pll1|clk[3]'
Slack : 199.682
TNS   : 0.000

Type  : Fast 1200mV 0C Model Setup 'PHY_CLK125'
Slack : 6.330
TNS   : 0.000

Type  : Fast 1200mV 0C Model Setup 'PLL_inst|altpll_component|auto_generated|pll1|clk[1]'
Slack : 14.908
TNS   : 0.000

Type  : Fast 1200mV 0C Model Setup 'PLL_inst|altpll_component|auto_generated|pll1|clk[2]'
Slack : 17.270
TNS   : 0.000

Type  : Fast 1200mV 0C Model Setup 'PHY_RX_CLOCK_2'
Slack : 36.804
TNS   : 0.000

Type  : Fast 1200mV 0C Model Setup 'PLL_inst|altpll_component|auto_generated|pll1|clk[3]'
Slack : 37.972
TNS   : 0.000

Type  : Fast 1200mV 0C Model Setup 'PHY_RX_CLOCK'
Slack : 38.214
TNS   : 0.000

Type  : Fast 1200mV 0C Model Hold 'PLL_inst|altpll_component|auto_generated|pll1|clk[1]'
Slack : 0.136
TNS   : 0.000

Type  : Fast 1200mV 0C Model Hold 'PHY_RX_CLOCK'
Slack : 0.147
TNS   : 0.000

Type  : Fast 1200mV 0C Model Hold 'PHY_RX_CLOCK_2'
Slack : 0.152
TNS   : 0.000

Type  : Fast 1200mV 0C Model Hold 'PLL_inst|altpll_component|auto_generated|pll1|clk[2]'
Slack : 0.181
TNS   : 0.000

Type  : Fast 1200mV 0C Model Hold 'PLL_inst|altpll_component|auto_generated|pll1|clk[3]'
Slack : 0.181
TNS   : 0.000

Type  : Fast 1200mV 0C Model Hold 'PHY_CLK125'
Slack : 0.188
TNS   : 0.000

Type  : Fast 1200mV 0C Model Recovery 'PLL_inst|altpll_component|auto_generated|pll1|clk[1]'
Slack : 18.622
TNS   : 0.000

Type  : Fast 1200mV 0C Model Recovery 'PLL_inst|altpll_component|auto_generated|pll1|clk[2]'
Slack : 38.884
TNS   : 0.000

Type  : Fast 1200mV 0C Model Removal 'PLL_inst|altpll_component|auto_generated|pll1|clk[1]'
Slack : 0.489
TNS   : 0.000

Type  : Fast 1200mV 0C Model Removal 'PLL_inst|altpll_component|auto_generated|pll1|clk[2]'
Slack : 40.699
TNS   : 0.000

Type  : Fast 1200mV 0C Model Minimum Pulse Width 'PHY_CLK125'
Slack : 3.439
TNS   : 0.000

Type  : Fast 1200mV 0C Model Minimum Pulse Width 'PLL_inst|altpll_component|auto_generated|pll1|clk[1]'
Slack : 9.841
TNS   : 0.000

Type  : Fast 1200mV 0C Model Minimum Pulse Width 'PHY_RX_CLOCK'
Slack : 19.390
TNS   : 0.000

Type  : Fast 1200mV 0C Model Minimum Pulse Width 'PHY_RX_CLOCK_2'
Slack : 39.714
TNS   : 0.000

Type  : Fast 1200mV 0C Model Minimum Pulse Width 'PLL_inst|altpll_component|auto_generated|pll1|clk[2]'
Slack : 39.774
TNS   : 0.000

Type  : Fast 1200mV 0C Model Minimum Pulse Width 'PLL_inst|altpll_component|auto_generated|pll1|clk[3]'
Slack : 199.774
TNS   : 0.000

------------------------------------------------------------
